<?xml version="1.0" encoding="UTF-8"?>
<TestRun id="b8d14368-58e2-4cbd-9857-98315b5dbdd2" name="SYSTEM@DESKTOP-5AJ0SB3 2020-12-18 11:56:45" runUser="NT AUTHORITY\SYSTEM" xmlns="http://microsoft.com/schemas/VisualStudio/TeamTest/2010">
  <TestSettings name="Default Test Settings" id="cfc84220-15f3-4976-b358-2a1a49405f96">
    <Deployment userDeploymentRoot="E:\Automation\Monetization_Automation\Montization_Automation\PortalScreenShots" useDefaultDeploymentRoot="false" runDeploymentRoot="SYSTEM_DESKTOP-5AJ0SB3 2020-12-18 11_56_45" />
    <Execution>
      <TestTypeSpecific />
      <AgentRule name="Execution Agents">
      </AgentRule>
    </Execution>
    <Properties />
  </TestSettings>
  <Times creation="2020-12-18T11:56:45.9892400+05:00" queuing="2020-12-18T11:56:52.1887025+05:00" start="2020-12-18T11:56:52.3286223+05:00" finish="2020-12-18T12:28:05.8212917+05:00" />
  <ResultSummary outcome="Completed">
    <Counters total="3" executed="3" passed="3" error="0" failed="0" timeout="0" aborted="0" inconclusive="0" passedButRunAborted="0" notRunnable="0" notExecuted="0" disconnected="0" warning="0" completed="0" inProgress="0" pending="0" />
  </ResultSummary>
  <TestDefinitions>
    <UnitTest name="B_BS_Monetization_Both_publisheradvertiser_Flow" storage="e:\automation\monetization_automation\montization_automation\testingapi\bin\debug\monetization_automation.test.dll" id="7269b8df-ed72-628d-b9c8-9ff9f828465f">
      <Execution id="1ea33e0c-d6a2-4684-9025-a48ebe291ae0" />
      <TestMethod codeBase="E:/Automation/Monetization_Automation/Montization_Automation/TestingAPI/bin/Debug/Monetization_Automation.Test.DLL" adapterTypeName="Microsoft.VisualStudio.TestTools.TestTypes.Unit.UnitTestAdapter, Microsoft.VisualStudio.QualityTools.Tips.UnitTest.Adapter, Version=16.0.0.0, Culture=neutral, PublicKeyToken=b03f5f7f11d50a3a" className="Monetization_Automation.Test.Monetization, Monetization_Automation.Test, Version=1.0.0.0, Culture=neutral, PublicKeyToken=null" name="B_BS_Monetization_Both_publisheradvertiser_Flow" />
    </UnitTest>
    <UnitTest name="C_BS_Monetization_stats_Publisher_side" storage="e:\automation\monetization_automation\montization_automation\testingapi\bin\debug\monetization_automation.test.dll" id="7024d843-e31e-b0fc-e84e-64806fdd8afc">
      <Execution id="f3c73b16-9fde-4275-bd96-5aae07e45b29" />
      <TestMethod codeBase="E:/Automation/Monetization_Automation/Montization_Automation/TestingAPI/bin/Debug/Monetization_Automation.Test.DLL" adapterTypeName="Microsoft.VisualStudio.TestTools.TestTypes.Unit.UnitTestAdapter, Microsoft.VisualStudio.QualityTools.Tips.UnitTest.Adapter, Version=16.0.0.0, Culture=neutral, PublicKeyToken=b03f5f7f11d50a3a" className="Monetization_Automation.Test.Monetization, Monetization_Automation.Test, Version=1.0.0.0, Culture=neutral, PublicKeyToken=null" name="C_BS_Monetization_stats_Publisher_side" />
    </UnitTest>
    <UnitTest name="A_BS_Monetization_Advertiser_Flow" storage="e:\automation\monetization_automation\montization_automation\testingapi\bin\debug\monetization_automation.test.dll" id="b23dfb95-77c5-d445-6682-37cb15ba83e2">
      <Execution id="5e50a050-3839-4453-9597-9e4784f1b67e" />
      <TestMethod codeBase="E:/Automation/Monetization_Automation/Montization_Automation/TestingAPI/bin/Debug/Monetization_Automation.Test.DLL" adapterTypeName="Microsoft.VisualStudio.TestTools.TestTypes.Unit.UnitTestAdapter, Microsoft.VisualStudio.QualityTools.Tips.UnitTest.Adapter, Version=16.0.0.0, Culture=neutral, PublicKeyToken=b03f5f7f11d50a3a" className="Monetization_Automation.Test.Monetization, Monetization_Automation.Test, Version=1.0.0.0, Culture=neutral, PublicKeyToken=null" name="A_BS_Monetization_Advertiser_Flow" />
    </UnitTest>
  </TestDefinitions>
  <TestLists>
    <TestList name="Results Not in a List" id="8c84fa94-04c1-424b-9868-57a2d4851a1d" />
    <TestList name="All Loaded Results" id="19431567-8539-422a-85d7-44ee4e166bda" />
  </TestLists>
  <TestEntries>
    <TestEntry testId="b23dfb95-77c5-d445-6682-37cb15ba83e2" executionId="5e50a050-3839-4453-9597-9e4784f1b67e" testListId="8c84fa94-04c1-424b-9868-57a2d4851a1d" />
    <TestEntry testId="7269b8df-ed72-628d-b9c8-9ff9f828465f" executionId="1ea33e0c-d6a2-4684-9025-a48ebe291ae0" testListId="8c84fa94-04c1-424b-9868-57a2d4851a1d" />
    <TestEntry testId="7024d843-e31e-b0fc-e84e-64806fdd8afc" executionId="f3c73b16-9fde-4275-bd96-5aae07e45b29" testListId="8c84fa94-04c1-424b-9868-57a2d4851a1d" />
  </TestEntries>
  <Results>
    <UnitTestResult executionId="5e50a050-3839-4453-9597-9e4784f1b67e" testId="b23dfb95-77c5-d445-6682-37cb15ba83e2" testName="A_BS_Monetization_Advertiser_Flow" computerName="DESKTOP-5AJ0SB3" duration="00:11:27.4853300" startTime="2020-12-18T11:56:52.5385019+05:00" endTime="2020-12-18T12:08:20.7738108+05:00" testType="13cdc9d9-ddb5-4fa4-a97d-d965ccfc6d4b" outcome="Passed" testListId="8c84fa94-04c1-424b-9868-57a2d4851a1d" relativeResultsDirectory="5e50a050-3839-4453-9597-9e4784f1b67e">
      <Output>
        <DebugTrace>****************** http://sheeda.consoliads.com/Automation-portal/user/login
****************** 1ali.irshad@mizostudio.com
****************** amber123
****************** On
****************** Interstitial
****************** Campaign Automated
****************** AutoBrand
****************** Automated Game
****************** Adjust
****************** https://app.mihcm.com/
****************** Google Play
****************** Pakistan
****************** Highest
****************** Brands
****************** Buntoo Games
****************** Car Robot 2019
****************** Main Menu
****************** 10
****************** 10
****************** New Set
****************** Interstitial
****************** New Set
****************** Interstitial
****************** Campaign Automated
****************** AutoBrand
****************** Automated Game
****************** Adjust
****************** https://app.mihcm.com/
****************** Google Play
****************** Pakistan
****************** 10
****************** New Set
****************** Interstitial
****************** New Set
****************** CPI
****************** 10
****************** 100
****************** 0.01
</DebugTrace>
      </Output>
    </UnitTestResult>
    <UnitTestResult executionId="1ea33e0c-d6a2-4684-9025-a48ebe291ae0" testId="7269b8df-ed72-628d-b9c8-9ff9f828465f" testName="B_BS_Monetization_Both_publisheradvertiser_Flow" computerName="DESKTOP-5AJ0SB3" duration="00:11:35.5008077" startTime="2020-12-18T12:08:20.7808066+05:00" endTime="2020-12-18T12:19:56.2908599+05:00" testType="13cdc9d9-ddb5-4fa4-a97d-d965ccfc6d4b" outcome="Passed" testListId="8c84fa94-04c1-424b-9868-57a2d4851a1d" relativeResultsDirectory="1ea33e0c-d6a2-4684-9025-a48ebe291ae0">
      <Output>
        <DebugTrace>****************** http://sheeda.consoliads.com/Automation-portal/user/login
****************** 1ali.irshad@mizostudio.com
****************** amber123
****************** new Automated brand
****************** This brand is automated
****************** Test1@consoliads.com
****************** https://play.google.com/store/apps/details?id=com.backstreet.gun.strike.counter.terrorist.fps.shooting&amp;hl=en
****************** https://play.google.com/store/apps/details?id=com.backstreet.gun.strike.counter.terrorist.fps.shooting&amp;hl=en
****************** https://play.google.com/store/apps/details?id=com.backstreet.gun.strike.counter.terrorist.fps.shooting&amp;hl=en
Brand Titlevalidation is successful
****************** App Automated
****************** com.newautomated.app
****************** Unity
****************** Google Play
****************** Game
****************** Action
****************** new Automated brand
****************** This brand is automated
****************** Test1@consoliads.com
****************** https://play.google.com/store/apps/details?id=com.backstreet.gun.strike.counter.terrorist.fps.shooting&amp;hl=en
****************** https://play.google.com/store/apps/details?id=com.backstreet.gun.strike.counter.terrorist.fps.shooting&amp;hl=en
****************** https://play.google.com/store/apps/details?id=com.backstreet.gun.strike.counter.terrorist.fps.shooting&amp;hl=en
****************** All ages
App titlevalidation is successful
****************** On
****************** Interstitial
****************** Campaign Automated
****************** Glorious Guns
****************** ABA English - Learn English
****************** Pakistan
****************** Brands
****************** Buntoo Games
****************** Car Robot 2019
****************** Main Menu
****************** 10
****************** 10
****************** New Set
****************** Interstitial
****************** New Set
****************** Interstitial
****************** Campaign Automated
****************** Glorious Guns
****************** ABA English - Learn English
****************** Games
****************** 10
****************** Pakistan
****************** Interstitial
****************** New Set
****************** CPI
****************** 10
****************** 100
****************** 0.01
</DebugTrace>
      </Output>
    </UnitTestResult>
    <UnitTestResult executionId="f3c73b16-9fde-4275-bd96-5aae07e45b29" testId="7024d843-e31e-b0fc-e84e-64806fdd8afc" testName="C_BS_Monetization_stats_Publisher_side" computerName="DESKTOP-5AJ0SB3" duration="00:08:09.3257671" startTime="2020-12-18T12:19:56.2948592+05:00" endTime="2020-12-18T12:28:05.6264018+05:00" testType="13cdc9d9-ddb5-4fa4-a97d-d965ccfc6d4b" outcome="Passed" testListId="8c84fa94-04c1-424b-9868-57a2d4851a1d" relativeResultsDirectory="f3c73b16-9fde-4275-bd96-5aae07e45b29">
      <Output>
        <DebugTrace>****************** http://sheeda.consoliads.com/Automation-portal/user/login
****************** 1ali.irshad@mizostudio.com
****************** amber123
****************** 9/1/2020 12:00:00 AM
****************** 9/30/2020 12:00:00 AM
****************** Secret Agent FPS Shooting Game
****************** SELECT * FROM (SELECT c.*, sdk.ver FROM ( SELECT b.*, r.rev revenue,((impression / request) * 100) fill_rate, ((click / impression) * 100) ctr
FROM( SELECT a.appID, a.title, a.package, a.osID, a.brandID, a.is_archive, a.sdkID, a.isAM, rici.request, rici.impression, rici.click, rici.installs
FROM apps a LEFT JOIN (SELECT appid, SUM(rpt.request) request, SUM(rpt.impression) impression, SUM(rpt.click) click, SUM(INSTALL) AS installs
FROM rpt_queue_apps_ads_event_stats_196 rpt WHERE appid IN ( SELECT appid FROM apps WHERE companyid = 196 AND is_archive = 0) AND datetime &gt;= '2020-09-01'AND datetime &lt;= '2020-09-30'
AND scenesession = 1 GROUP BY appid) rici ON a.appid = rici.appid WHERE companyid = 196 AND a.osID != 0 AND a.is_archive = 0) b LEFT JOIN (
SELECT app_id appid, SUM( revenue + bonus - service_charges) rev FROM rpt_auto_integration_45 WHERE app_id IN ( SELECT appid FROM apps WHERE companyid = 196
AND is_archive = 0) AND created_at &gt;= '2020-09-01' AND created_at &lt;= '2020-09-30' GROUP BY app_id) r ON b.appid = r.appid) c, sdk_info sdk
WHERE c.sdkID = sdk.sdkid ORDER BY revenue DESC) tblApps WHERE 1 = 1 AND (tblApps.brandID IN(12)) AND (tblApps.osID IN(41)) AND (tblApps.appID IN(17322)) ORDER BY tblApps.appID DESC
LIMIT 0,10

****************** Secret Agent FPS Shooting Game
****************** 9/1/2020 12:00:00 AM
****************** 9/30/2020 12:00:00 AM
****************** Main Menu
****************** SELECT seq.title as scene_title, ap.* FROM( SELECT sceneid as sceneID, SUM(`request`) as request, SUM(`impression`) as impression , SUM(`click`) as click, SUM(`install`) as installs , (SUM(`impression`) / SUM(`request`) * 100) as fill_rate, (SUM(`click`) / SUM(`impression`) * 100) as ctr FROM rpt_queue_apps_ads_event_stats_196 WHERE appid IN ( SELECT appid FROM apps WHERE companyid = 196 and appID = 17322 and apps.is_archive = 0 ) AND datetime &gt;= '2020-09-01' and datetime &lt;= '2020-09-30' AND scenesession = 1 GROUP BY sceneid) ap, seq_titles seq WHERE ap.sceneid = seq.seqTitleID ORDER BY impression DESC
****************** Admob
****************** SELECT  rpt_queue_apps_ads_event_stats_196.adID, ads.title as ad_network_title, ads.adID as ad_network_id,
                            SUM(`request`) as request, SUM(`impression`) as impression , SUM(`click`) as click,
                            SUM(`install`) as installs, ads.ad_type as ad_type, ads.provide_clicks as provide_clicks
                            FROM rpt_queue_apps_ads_event_stats_196
                            INNER JOIN ads ON ads.adID = rpt_queue_apps_ads_event_stats_196.adID
                            WHERE
                            (datetime &gt;= '2020-09-01' and datetime &lt;= '2020-09-30')
                             and appID = "17322"
                            GROUP BY rpt_queue_apps_ads_event_stats_196.adID
</DebugTrace>
      </Output>
    </UnitTestResult>
  </Results>
</TestRun>